"<?xml version=\"1.0\" encoding=\"utf-8\"?>\n<rss version=\"2.0\" xmlns:atom=\"http://www.w3.org/2005/Atom\">\n    <channel>\n        <title>ZUTOMAYO News</title>\n        <link>https://zutomayo.net/news</link>\n        <description>undefined</description>\n        <lastBuildDate>Thu, 21 Dec 2023 15:00:00 GMT</lastBuildDate>\n        <docs>https://validator.w3.org/feed/docs/rss2.html</docs>\n        <generator>https://github.com/jpmonette/feed</generator>\n        <copyright>ZUTOMAYO</copyright>\n        <atom:link href=\"https://example.com\" rel=\"self\" type=\"application/rss+xml\"/>\n        <item>\n            <title><![CDATA[nana-nana × ZUTOMAYOコラボバッグ、ZUTOMAYO MARTにて12/23(土)12:00～販売開始]]></title>\n            <link>https://zutomayo.net/news/381</link>\n            <guid>https://zutomayo.net/news/381</guid>\n            <pubDate>Thu, 21 Dec 2023 15:00:00 GMT</pubDate>\n        </item>\n        <item>\n            <title><![CDATA[2024年5月4日(土)、5日(日) 本格中華喫茶・愛のペガサス ～羅武の香辛龍～ Kアリーナ横浜にて開催決定、本日12月19日(火)21:00～ZUTOMAYO PREMIUM最速先行受付スタート]]></title>\n            <link>https://zutomayo.net/news/380</link>\n            <guid>https://zutomayo.net/news/380</guid>\n            <pubDate>Mon, 18 Dec 2023 15:00:00 GMT</pubDate>\n        </item>\n        <item>\n            <title><![CDATA[12/18・12/20〜 愛ペガ×ラフォーレ原宿　コラボクリームソーダ販売開始]]></title>\n            <link>https://zutomayo.net/news/379</link>\n            <guid>https://zutomayo.net/news/379</guid>\n            <pubDate>Sat, 16 Dec 2023 15:00:00 GMT</pubDate>\n        </item>\n        <item>\n            <title><![CDATA[原始五年巡回公演 喫茶・愛のペガサス 12/13(水)、14(木) ロームシアター京都公演 払い戻しに関するご案内]]></title>\n            <link>https://zutomayo.net/news/378</link>\n            <guid>https://zutomayo.net/news/378</guid>\n            <pubDate>Fri, 15 Dec 2023 15:00:00 GMT</pubDate>\n        </item>\n        <item>\n            <title><![CDATA[【12/18東京・12/19東京・12/21東京・12/22東京】「喫茶・愛のペガサス」 グッズ会場受取(事前ネットオーダー)のご案内]]></title>\n            <link>https://zutomayo.net/news/376</link>\n            <guid>https://zutomayo.net/news/376</guid>\n            <pubDate>Thu, 14 Dec 2023 15:00:00 GMT</pubDate>\n        </item>\n        <item>\n            <title><![CDATA[原宿竹下通りにてZUTOMAYO “5“ SPECIAL POP-UP STOREの開催]]></title>\n            <link>https://zutomayo.net/news/371</link>\n            <guid>https://zutomayo.net/news/371</guid>\n            <pubDate>Thu, 14 Dec 2023 15:00:00 GMT</pubDate>\n        </item>\n        <item>\n            <title><![CDATA[【PREMIUM会員限定コミュニティイベント】12/20(水) ZUTOMAYO DAY OFF開催決定、12/14(木)21:00～先着受付開始]]></title>\n            <link>https://zutomayo.net/news/373</link>\n            <guid>https://zutomayo.net/news/373</guid>\n            <pubDate>Wed, 13 Dec 2023 15:00:00 GMT</pubDate>\n        </item>\n        <item>\n            <title><![CDATA[ずっと真夜中でいいのに。 原始五年巡回公演 喫茶・愛のペガサス、12/13(水)･14(木) ロームシアター京都公演開催延期のお知らせ]]></title>\n            <link>https://zutomayo.net/news/375</link>\n            <guid>https://zutomayo.net/news/375</guid>\n            <pubDate>Mon, 11 Dec 2023 15:00:00 GMT</pubDate>\n        </item>\n        <item>\n            <title><![CDATA[nana-nana × ZUTOMAYO、コラボ企画商品リリース決定]]></title>\n            <link>https://zutomayo.net/news/374</link>\n            <guid>https://zutomayo.net/news/374</guid>\n            <pubDate>Thu, 07 Dec 2023 15:00:00 GMT</pubDate>\n        </item>\n        <item>\n            <title><![CDATA[【12/8岡山・12/9広島・12/11兵庫・12/13京都・12/14京都】「喫茶・愛のペガサス」 グッズ会場受取(事前ネットオーダー)のご案内]]></title>\n            <link>https://zutomayo.net/news/372</link>\n            <guid>https://zutomayo.net/news/372</guid>\n            <pubDate>Sun, 03 Dec 2023 15:00:00 GMT</pubDate>\n        </item>\n        <item>\n            <title><![CDATA[スパイシーズグッズ、ZUTOMAYO MARTにて販売開始]]></title>\n            <link>https://zutomayo.net/news/370</link>\n            <guid>https://zutomayo.net/news/370</guid>\n            <pubDate>Wed, 29 Nov 2023 15:00:00 GMT</pubDate>\n        </item>\n        <item>\n            <title><![CDATA[恋のダビング - 実録！幻の五香粉を求めて - 会場販売グッズ情報&注意事項]]></title>\n            <link>https://zutomayo.net/news/369</link>\n            <guid>https://zutomayo.net/news/369</guid>\n            <pubDate>Mon, 27 Nov 2023 15:00:00 GMT</pubDate>\n        </item>\n        <item>\n            <title><![CDATA[【12/1北海道・12/2北海道】「喫茶・愛のペガサス」 グッズ会場受取(事前ネットオーダー)のご案内]]></title>\n            <link>https://zutomayo.net/news/368</link>\n            <guid>https://zutomayo.net/news/368</guid>\n            <pubDate>Sun, 26 Nov 2023 15:00:00 GMT</pubDate>\n        </item>\n        <item>\n            <title><![CDATA[【11/21熊本・11/24高知・11/26愛媛】「喫茶・愛のペガサス」 グッズ会場受取(事前ネットオーダー)のご案内]]></title>\n            <link>https://zutomayo.net/news/367</link>\n            <guid>https://zutomayo.net/news/367</guid>\n            <pubDate>Thu, 16 Nov 2023 15:00:00 GMT</pubDate>\n        </item>\n        <item>\n            <title><![CDATA[原始五年巡回公演「喫茶・愛のペガサス」沖縄出張所開催決定]]></title>\n            <link>https://zutomayo.net/news/366</link>\n            <guid>https://zutomayo.net/news/366</guid>\n            <pubDate>Fri, 10 Nov 2023 15:00:00 GMT</pubDate>\n        </item>\n        <item>\n            <title><![CDATA[【11/14大阪・11/15大阪・11/17岩手】「喫茶・愛のペガサス」 グッズ会場受取(事前ネットオーダー)のご案内]]></title>\n            <link>https://zutomayo.net/news/365</link>\n            <guid>https://zutomayo.net/news/365</guid>\n            <pubDate>Thu, 09 Nov 2023 15:00:00 GMT</pubDate>\n        </item>\n        <item>\n            <title><![CDATA[2024/2/25(Sun)「浮現祭 Emerge fest 2024」出演決定]]></title>\n            <link>https://zutomayo.net/news/364</link>\n            <guid>https://zutomayo.net/news/364</guid>\n            <pubDate>Mon, 06 Nov 2023 15:00:00 GMT</pubDate>\n        </item>\n        <item>\n            <title><![CDATA[2024/2/27(Tue)「ZUTOMAYO INTENSE IN TAIPEI」 舉行決定 (繁體中文版)]]></title>\n            <link>https://zutomayo.net/news/363</link>\n            <guid>https://zutomayo.net/news/363</guid>\n            <pubDate>Sun, 05 Nov 2023 15:00:00 GMT</pubDate>\n        </item>\n        <item>\n            <title><![CDATA[2024/2/27(Tue)「ZUTOMAYO INTENSE IN TAIPEI」開催決定]]></title>\n            <link>https://zutomayo.net/news/362</link>\n            <guid>https://zutomayo.net/news/362</guid>\n            <pubDate>Sun, 05 Nov 2023 15:00:00 GMT</pubDate>\n        </item>\n        <item>\n            <title><![CDATA[【11/9東京・11/10神奈川】「喫茶・愛のペガサス」 グッズ会場受取(事前ネットオーダー)のご案内]]></title>\n            <link>https://zutomayo.net/news/361</link>\n            <guid>https://zutomayo.net/news/361</guid>\n            <pubDate>Sat, 04 Nov 2023 15:00:00 GMT</pubDate>\n        </item>\n    </channel>\n</rss>"