"<?xml version=\"1.0\" encoding=\"utf-8\"?>\n<rss version=\"2.0\">\n    <channel>\n        <title>ZUTOMAYO Voice</title>\n        <link>https://zutomayo.net/voice</link>\n        <description>undefined</description>\n        <lastBuildDate>Fri, 30 Jun 2023 15:00:00 GMT</lastBuildDate>\n        <docs>https://validator.w3.org/feed/docs/rss2.html</docs>\n        <generator>https://github.com/jpmonette/feed</generator>\n        <copyright>ZUTOMAYO</copyright>\n        <item>\n            <title><![CDATA[INTERNET…]]></title>\n            <link>https://zutomayo.net/voice/internet</link>\n            <guid>https://zutomayo.net/voice/internet</guid>\n            <pubDate>Fri, 30 Jun 2023 15:00:00 GMT</pubDate>\n        </item>\n        <item>\n            <title><![CDATA[おかげさまで…]]></title>\n            <link>https://zutomayo.net/voice/okagesamade</link>\n            <guid>https://zutomayo.net/voice/okagesamade</guid>\n            <pubDate>Wed, 31 May 2023 15:00:00 GMT</pubDate>\n        </item>\n        <item>\n            <title><![CDATA[お楽しみに…]]></title>\n            <link>https://zutomayo.net/voice/otanoshimi</link>\n            <guid>https://zutomayo.net/voice/otanoshimi</guid>\n            <pubDate>Sun, 30 Apr 2023 15:00:00 GMT</pubDate>\n        </item>\n        <item>\n            <title><![CDATA[って溢した午前5時]]></title>\n            <link>https://zutomayo.net/voice/gozen5ji</link>\n            <guid>https://zutomayo.net/voice/gozen5ji</guid>\n            <pubDate>Fri, 31 Mar 2023 15:00:00 GMT</pubDate>\n        </item>\n        <item>\n            <title><![CDATA[君のぬくもりが…]]></title>\n            <link>https://zutomayo.net/voice/kiminonukumoriga.mp4</link>\n            <guid>https://zutomayo.net/voice/kiminonukumoriga.mp4</guid>\n            <pubDate>Tue, 28 Feb 2023 15:00:00 GMT</pubDate>\n        </item>\n        <item>\n            <title><![CDATA[しょうが先輩と朝の挨拶_ぐるぐるも添えて]]></title>\n            <link>https://zutomayo.net/voice/asanoaisatsu</link>\n            <guid>https://zutomayo.net/voice/asanoaisatsu</guid>\n            <pubDate>Tue, 31 Jan 2023 15:00:00 GMT</pubDate>\n        </item>\n        <item>\n            <title><![CDATA[プレミアムありがとう]]></title>\n            <link>https://zutomayo.net/voice/premium</link>\n            <guid>https://zutomayo.net/voice/premium</guid>\n            <pubDate>Fri, 07 Jan 2022 15:00:00 GMT</pubDate>\n        </item>\n    </channel>\n</rss>"