"<!DOCTYPE html>\n<html lang=\"ja\">\n\n<head>\n    <meta charset=\"UTF-8\">\n    <meta http-equiv=\"X-UA-Compatible\" content=\"IE=edge\">\n    <meta name=\"format-detection\" content=\"telephone=no,address=no,email=no\">\n    <meta name=\"viewport\" content=\"width=device-width, initial-scale=1.0\">\n    \n\n\n    <title>\n        VOICE | ずっと真夜中でいいのに。    </title>\n    <meta name=\"description\" content=\"ずっと真夜中でいいのに。（ずとまよ、ZUTOMAYO）の公式オフィシャルサイト。 オフィシャルサイトでは最新情報やライブ情報、ディスコグラフィー、​グッズ情報などを公開してます Twitterやインスタグラムでも最新情報を更新中\" />\n\n    <!-- facebookのOGPタグ -->\n    <meta property=\"og:site_name\" content=\"ずっと真夜中でいいのに。\" />\n    <meta property=\"og:url\" content=\"https://zutomayo.net/voice\" />\n    <meta property=\"og:type\" content=\"web\" />\n    <meta property=\"og:title\" content=\"ずっと真夜中でいいのに。\" />\n    <meta property=\"og:description\" content=\"ずっと真夜中でいいのに。（ずとまよ、ZUTOMAYO）のオフィシャルサイト\r\n証となる\"勲章\"を購入することで入会することができるZUTOMAYO PREMIUM\r\nオフィシャルサイトでは最新情報やライブ情報、ディスコグラフィー、​グッズ情報などを公開してます\r\nTwitterやインスタグラムでも最新情報を更新中\" />\n    <meta property=\"og:image\" content=\"https://zutomayo.net/upload/share/ogpshare2.jpg\" />\n    <meta property=\"fb:app_id\" content=\"526035032148270\" />\n    <meta property=\"og:locale\" content=\"ja_JP\" />\n\n    <!-- twitterのOGPタグ -->\n    <meta name=\"twitter:card\" content=\"summary_large_image\">\n    <meta name=\"twitter:site\" content=\"@zutomayo\" />\n    <meta name=\"twitter:description\" content=\"ずっと真夜中でいいのに。（ずとまよ、ZUTOMAYO）のオフィシャルサイト\r\n証となる\"勲章\"を購入することで入会することができるZUTOMAYO PREMIUM\r\nオフィシャルサイトでは最新情報やライブ情報、ディスコグラフィー、​グッズ情報などを公開してます\r\nTwitterやインスタグラムでも最新情報を更新中\" />\n    <meta name=\"twitter:image\" content=\"https://zutomayo.net/upload/share/ogpshare2.jpg\" />\n\n    <link rel=\"icon\" href=\"/favicon.ico\" type=\"image/x-icon\" />\n    <link rel=\"Shortcut Icon\" type=\"img/x-icon\" href=\"/themes/zutomayo/_assets/img/favicon.ico\" />\n    <link rev=\"made\" href=\"\" />\n    <link rel=\"apple-touch-icon\" sizes=\"180x180\" href=\"https://zutomayo.net/img/apple-touch-icon.png\">\n\n    <link rel=\"stylesheet\" href=\"/themes/zutomayo/js/slick/slick.css?21081801\" />\n    <link rel=\"stylesheet\" href=\"/themes/zutomayo/_assets/css/app.css?231219\" />\n\n\n\n    \n    \n\n        \n    \n\n    \n    \n    \n    \n    \n    \n    <script src=\"/themes/zutomayo/_assets/js/get-gtm-log.js\"></script>\n<!-- Global site tag (gtag.js) - Google Analytics -->\n<script async src=\"https://www.googletagmanager.com/gtag/js?id=G-810Z9FRR8C\"></script>\n<script>\n  window.dataLayer = window.dataLayer || [];\n  function gtag(){dataLayer.push(arguments);}\n  gtag('js', new Date());\n  gtag('config', 'G-810Z9FRR8C');\n</script>\n<!-- Google Tag Manager -->\n<script>(function(w,d,s,l,i){w[l]=w[l]||[];w[l].push({'gtm.start':\nnew Date().getTime(),event:'gtm.js'});var f=d.getElementsByTagName(s)[0],\nj=d.createElement(s),dl=l!='dataLayer'?'&l='+l:'';j.async=true;j.src=\n'https://www.googletagmanager.com/gtm.js?id='+i+dl;f.parentNode.insertBefore(j,f);\n})(window,document,'script','dataLayer','GTM-NT3W9TS');</script>\n<!-- End Google Tag Manager -->\n\n<script>(function(w,d,s,l,i){w[l]=w[l]||[];w[l].push({'gtm.start':\nnew Date().getTime(),event:'gtm.js'});var f=d.getElementsByTagName(s)[0],\nj=d.createElement(s),dl=l!='dataLayer'?'&l='+l:'';j.async=true;j.src=\n'https://www.googletagmanager.com/gtm.js?id='+i+dl;f.parentNode.insertBefore(j,f);\n})(window,document,'script','dataLayer','GTM-WW3MHST9');</script>\n\n</head>\n\n\n<body id=\"ztmy\" class=\"preload archive voice-archive\">\n<!-- Google Tag Manager (noscript) -->\n<noscript><iframe src=\"https://www.googletagmanager.com/ns.html?id=GTM-NT3W9TS\"\nheight=\"0\" width=\"0\" style=\"display:none;visibility:hidden\"></iframe></noscript>\n<!-- End Google Tag Manager (noscript) -->\n<!-- Google Tag Manager (noscript) -->\n<noscript><iframe src=\"https://www.googletagmanager.com/ns.html?id=GTM-WW3MHST9\"\nheight=\"0\" width=\"0\" style=\"display:none;visibility:hidden\"></iframe></noscript>\n<!-- End Google Tag Manager (noscript) -->\n\n<div class=\"ztmy-container voice\">\n    <div class=\"ztmy-container--inner\">\n\n\n        <!-- header start -->\n    <header id=\"ztmy-header\" class=\"ztmy-header\">\n        <div class=\"ztmy-header-inner\">\n            <div class=\"ztmy-header-menu\">\n                <div class=\"ztmy-burger\" id=\"ztmy-burger\">\n                    <div class=\"ztmy-burger-icon\">\n                        <span id=\"ztmy-burger-1\" class=\"ztmy-burger-line\"></span>\n                        <span id=\"ztmy-burger-2\" class=\"ztmy-burger-line\"></span>\n                        <span id=\"ztmy-burger-3\" class=\"ztmy-burger-line\"></span>\n                    </div>\n                </div>\n            </div>\n            <div class=\"ztmy-header-logo\">\n                <h1><a href=\"/\">\n                                            <img src=\"/themes/zutomayo/_assets/img/logo.svg\" alt=\"\">\n                                    </a></h1>\n            </div>\n            <div class=\"ztmy-header-title\">\n                                    <h2 class=\"f-tt--b\"><span>小声</span></h2>\n                            </div>\n\n        </div>\n    </header>\n\n\n    <nav class=\"ztmy-fix-menu\">\n        <div class=\"ztmy-fix-menu-inner\">\n            <ul class=\"ztmy-menu-cont\">\n                <li><a href=\"/\"><p class=\"f-px\">TOP<img src=\"/themes/zutomayo/_assets/img/icon_nav_top.png\" class=\"icon\"></p></a></li>\n                <li><a href=\"/news/\"><p class=\"f-px\">NEWS<img src=\"/themes/zutomayo/_assets/img/icon_nav_news.png\" class=\"icon\"></p></a></li>\n                <li><a href=\"/live/\"><p class=\"f-px\">LIVE<img src=\"/themes/zutomayo/_assets/img/icon_nav_live.png\" class=\"icon\"></p></a></li>\n                <li><a href=\"/release/\"><p class=\"f-px\">RELEASE<img src=\"/themes/zutomayo/_assets/img/icon_nav_release.png\" class=\"icon\"></p></a></li>\n                <li><a href=\"https://play.umusic.com/ztmy-tp\" target=\"_blank\"><p class=\"f-px\">GAME<img src=\"/themes/zutomayo/_assets/img/icon_nav_game.png\" class=\"icon\"></p></a></li>\n                <li><a href=\"/font/\"><p class=\"f-px\">FONT<img src=\"/themes/zutomayo/_assets/img/icon_nav_font.png\" class=\"icon\"></p></a></li>\n                <li><a href=\"/photo/\"><p class=\"f-px\">PHOTO<img src=\"/themes/zutomayo/_assets/img/icon_nav_photo.png\" class=\"icon\"></p></a></li>\n                <li><a href=\"/profile/\"><p class=\"f-px\">PROFILE<img src=\"/themes/zutomayo/_assets/img/icon_nav_profile.png\" class=\"icon\"></p></a></li>\n                <li><a href=\"/mart/\"><p class=\"f-px\">STORE<img src=\"/themes/zutomayo/_assets/img/icon_nav_store.png\" class=\"icon\"></p></a>\n                    <!-- <ul class=\"ztmy-menu-contSub\">\n                        <li><a href=\"https://official-goods-store.jp/zutomayo/\" target=\"_blank\" class=\"f-px\">ZUTOMAYO MART</a></li>\n                        <li><a href=\"https://store.zutomayo.com/\" target=\"_blank\" class=\"f-px\">旧ショップ「闇鍋魔法専門店」</a></li>\n                    </ul> -->\n            \n                </li>\n                <li><a href=\"/premium/\"><p class=\"f-px\">PREMIUM<img src=\"/themes/zutomayo/_assets/img/icon_nav_premium.png\" class=\"icon\"></p></a>\n                    <ul class=\"ztmy-menu-contSub\">\n                                                <li><a href=\"/signup/\" class=\"f-px\">新規会員登録</a></li>\n                        <li><a href=\"/login/\" class=\"f-px\">LOGIN</a></li>\n                                                <li><a href=\"/voice/\" class=\"f-px\">VOICE</a></li>\n                    </ul>\n                </li>\n                <li><a href=\"/faq/\"><p class=\"f-px\">CONTACT<img src=\"/themes/zutomayo/_assets/img/icon_nav_contact.png\" class=\"icon\"></p></a></li>\n            </ul>\n            <ul class=\"ztmy-menu-sns\">\n                <li><a href=\"https://www.youtube.com/channel/UCv6P5nsS9rP4tDtFlqLU_QQ\" target=\"_blank\"><img src=\"/themes/zutomayo/_assets/img/icon_yt.png\" alt=\"Youtube\"></a></li>\n                <li><a href=\"https://twitter.com/zutomayo\" target=\"_blank\"><img src=\"/themes/zutomayo/_assets/img/icon_tw1.png\" alt=\"Twitter\"></a></li>\n                <li><a href=\"https://twitter.com/zutomayo_staff\" target=\"_blank\"><img src=\"/themes/zutomayo/_assets/img/icon_tw2.png\" alt=\"Twitter\"></a></li>\n                <li><a href=\"https://www.instagram.com/zutomayo/?hl=ja\" target=\"_blank\"><img src=\"/themes/zutomayo/_assets/img/icon_in.png\" alt=\"Instagram\"></a></li>\n            </ul>\n\n        </div>\n    </nav>\n\n\n\n\n    <div class=\"ztmy-pcmove-menu drag-and-drop\" id=\"pcMenu\">\n        <div class=\"title f-px\">Menu</div>\n        <div class=\"ztmy-pcmove-inner\">\n            <ul class=\"ztmy-pcmove-cont\">\n                <li><a href=\"/\"><p class=\"f-px\">TOP<img src=\"/themes/zutomayo/_assets/img/icon_nav_top.png\" class=\"icon\"></p></a></li>\n                <li><a href=\"/news/\"><p class=\"f-px\">NEWS<img src=\"/themes/zutomayo/_assets/img/icon_nav_news.png\" class=\"icon\"></p></a></li>\n                <li><a href=\"/live/\"><p class=\"f-px\">LIVE<img src=\"/themes/zutomayo/_assets/img/icon_nav_live.png\" class=\"icon\"></p></a></li>\n                <li><a href=\"/release/\"><p class=\"f-px\">RELEASE<img src=\"/themes/zutomayo/_assets/img/icon_nav_release.png\" class=\"icon\"></p></a></li>\n                <li><a href=\"https://play.umusic.com/ztmy-tp\" target=\"_blank\"><p class=\"f-px\">GAME<img src=\"/themes/zutomayo/_assets/img/icon_nav_game.png\" class=\"icon\"></p></a></li>\n                <li><a href=\"/font/\"><p class=\"f-px\">FONT<img src=\"/themes/zutomayo/_assets/img/icon_nav_font.png\" class=\"icon\"></p></a></li>\n                <li><a href=\"/photo/\"><p class=\"f-px\">PHOTO<img src=\"/themes/zutomayo/_assets/img/icon_nav_photo.png\" class=\"icon\"></p></a></li>\n                <li><a href=\"/profile/\"><p class=\"f-px\">PROFILE<img src=\"/themes/zutomayo/_assets/img/icon_nav_profile.png\" class=\"icon\"></p></a></li>\n                <li><a href=\"/mart/\"><p class=\"f-px\">STORE<img src=\"/themes/zutomayo/_assets/img/icon_nav_store.png\" class=\"icon\"></p></a>\n                <!-- <ul class=\"ztmy-pcmove-contSub\">\n                    <li><a href=\"https://official-goods-store.jp/zutomayo/\" target=\"_blank\" class=\"f-px\">ZUTOMAYO MART</a></li>\n                    <li><a href=\"https://store.zutomayo.com/\" target=\"_blank\" class=\"f-px\">旧ショップ「闇鍋魔法専門店」</a></li>\n                </ul> -->\n                </li>\n                <li><a href=\"/premium/\"><p class=\"f-px\">PREMIUM<img src=\"/themes/zutomayo/_assets/img/icon_nav_premium.png\" class=\"icon\"></p></a>\n                    <ul class=\"ztmy-pcmove-contSub\">\n                                                <li><a href=\"/signup/\" class=\"f-px\">新規会員登録</a></li>\n                        <li><a href=\"/login/\" class=\"f-px\">LOGIN</a></li>\n                                                <li><a href=\"/voice/\" class=\"f-px\">VOICE</a></li>\n                    </ul>\n                </li>\n                <!-- <li class=\"comingsoon\"><a href=\"javascript:void();\"><p class=\"f-px\">PREMIUM<img src=\"/themes/zutomayo/_assets/img/icon_nav_premium.png\" class=\"icon\"></p></a></li> -->\n                <li><a href=\"/faq/\"><p class=\"f-px\">CONTACT<img src=\"/themes/zutomayo/_assets/img/icon_nav_contact.png\" class=\"icon\"></p></a></li>\n            </ul>\n            <a href=\"#\" class=\"btn-close-menu\" data-close=\"#pcMenu\"></a>\n        </div>\n    </div>\n\n    \n    <!-- header end -->\n    <main class=\"ztmy-main ztmy-voice-detail\">\n\n<!-- ▼▼ここから▼▼ -->\n<article class=\"ztmy-wrap ztmy-wrap--padding\">\n\n    <!-- topisc start -->\n\n    \n    <section class=\"ztmy-topics ztmy-detail-wrap ztmy-mb-25 ztmy-topics-num0\" id=\"newsid_9522\">\n        <div class=\"ztmy-under-inner\">\n\n                                                <div class=\"ztmy-topics-head\">\n                                <p class=\"ztmy-date f-tt--b\">2023.12.01</p>\n                                <!-- <ul class=\"ztmy-topics-badge\">\n                                    <li></li>                                </ul> -->\n                                <h3 class=\"ztmy-ttl f-tt--b\">新人MC自己紹介</h3>\n                            </div>\n                            <div class=\"align-center ztmy-topics-more\">\n                                <p><a href=\"/voice/shinjin_mc\" class=\"btn-link\"><span class=\"f-tt--b\">VIEW MORE</span></a></p>\n                            </div>\n\n        </div>\n    </section>    <!-- topisc end -->\n\n\n    \n    <section class=\"ztmy-topics ztmy-detail-wrap ztmy-mb-25 ztmy-topics-num1\" id=\"newsid_9097\">\n        <div class=\"ztmy-under-inner\">\n\n                                                <div class=\"ztmy-topics-head\">\n                                <p class=\"ztmy-date f-tt--b\">2023.11.01</p>\n                                <!-- <ul class=\"ztmy-topics-badge\">\n                                    <li></li>                                </ul> -->\n                                <h3 class=\"ztmy-ttl f-tt--b\">今電話に出られません take2</h3>\n                            </div>\n                            <div class=\"align-center ztmy-topics-more\">\n                                <p><a href=\"/voice/denwa2\" class=\"btn-link\"><span class=\"f-tt--b\">VIEW MORE</span></a></p>\n                            </div>\n\n        </div>\n    </section>    <!-- topisc end -->\n\n\n    \n    <section class=\"ztmy-topics ztmy-detail-wrap ztmy-mb-25 ztmy-topics-num2\" id=\"newsid_8964\">\n        <div class=\"ztmy-under-inner\">\n\n                                                <div class=\"ztmy-topics-head\">\n                                <p class=\"ztmy-date f-tt--b\">2023.10.01</p>\n                                <!-- <ul class=\"ztmy-topics-badge\">\n                                    <li></li>                                </ul> -->\n                                <h3 class=\"ztmy-ttl f-tt--b\">おはうーです開店中…</h3>\n                            </div>\n                            <div class=\"align-center ztmy-topics-more\">\n                                <p><a href=\"/voice/ohau\" class=\"btn-link\"><span class=\"f-tt--b\">VIEW MORE</span></a></p>\n                            </div>\n\n        </div>\n    </section>    <!-- topisc end -->\n\n\n    \n    <section class=\"ztmy-topics ztmy-detail-wrap ztmy-mb-25 ztmy-topics-num3\" id=\"newsid_8662\">\n        <div class=\"ztmy-under-inner\">\n\n                                                <div class=\"ztmy-topics-head\">\n                                <p class=\"ztmy-date f-tt--b\">2023.09.01</p>\n                                <!-- <ul class=\"ztmy-topics-badge\">\n                                    <li></li>                                </ul> -->\n                                <h3 class=\"ztmy-ttl f-tt--b\">また喫茶で</h3>\n                            </div>\n                            <div class=\"align-center ztmy-topics-more\">\n                                <p><a href=\"/voice/kissade\" class=\"btn-link\"><span class=\"f-tt--b\">VIEW MORE</span></a></p>\n                            </div>\n\n        </div>\n    </section>    <!-- topisc end -->\n\n\n    \n    <section class=\"ztmy-topics ztmy-detail-wrap ztmy-mb-25 ztmy-topics-num4\" id=\"newsid_8381\">\n        <div class=\"ztmy-under-inner\">\n\n                                                <div class=\"ztmy-topics-head\">\n                                <p class=\"ztmy-date f-tt--b\">2023.08.01</p>\n                                <!-- <ul class=\"ztmy-topics-badge\">\n                                    <li></li>                                </ul> -->\n                                <h3 class=\"ztmy-ttl f-tt--b\">しょがさんの新しいお返事</h3>\n                            </div>\n                            <div class=\"align-center ztmy-topics-more\">\n                                <p><a href=\"/voice/shoga_ohenji\" class=\"btn-link\"><span class=\"f-tt--b\">VIEW MORE</span></a></p>\n                            </div>\n\n        </div>\n    </section>    <!-- topisc end -->\n\n\n    \n    <section class=\"ztmy-topics ztmy-detail-wrap ztmy-mb-25 ztmy-topics-num5\" id=\"newsid_8245\">\n        <div class=\"ztmy-under-inner\">\n\n                                                <div class=\"ztmy-topics-head\">\n                                <p class=\"ztmy-date f-tt--b\">2023.07.01</p>\n                                <!-- <ul class=\"ztmy-topics-badge\">\n                                    <li></li>                                </ul> -->\n                                <h3 class=\"ztmy-ttl f-tt--b\">INTERNET…</h3>\n                            </div>\n                            <div class=\"align-center ztmy-topics-more\">\n                                <p><a href=\"/voice/internet\" class=\"btn-link\"><span class=\"f-tt--b\">VIEW MORE</span></a></p>\n                            </div>\n\n        </div>\n    </section>    <!-- topisc end -->\n\n\n    \n    <section class=\"ztmy-topics ztmy-detail-wrap ztmy-mb-25 ztmy-topics-num6\" id=\"newsid_2338\">\n        <div class=\"ztmy-under-inner\">\n\n                                                <div class=\"ztmy-topics-head\">\n                                <p class=\"ztmy-date f-tt--b\">2022.01.08</p>\n                                <!-- <ul class=\"ztmy-topics-badge\">\n                                    <li></li>                                </ul> -->\n                                <h3 class=\"ztmy-ttl f-tt--b\">プレミアムありがとう</h3>\n                            </div>\n                            <div class=\"align-center ztmy-topics-more\">\n                                <p><a href=\"/voice/premium\" class=\"btn-link\"><span class=\"f-tt--b\">VIEW MORE</span></a></p>\n                            </div>\n\n        </div>\n    </section>    <!-- topisc end -->\n\n\n    \n\n            \n\n\n</article>\n\n<!-- ▲▲ここまで▲▲ -->\n\n\n\n</main>\n\n\n<nav class=\"ztmy-bottom--nav\">\n    <ul>\n        <li><a href=\"/about/\">会員について</a></li>\n        <li><a href=\"/agreement/\">会員規約</a></li>\n        <li><a href=\"/privacy-policy/\">プライバシーポリシー</a></li>\n        <li><a href=\"/law/\">特定商取引法について</a></li>\n        <li><a href=\"/environment/\">推奨環境</a></li>\n        <li><a href=\"/faq/\">よくある質問</a></li>\n        <li><a href=\"/mypage/withdrawal/\">会員退会</a></li>\n    </ul>\n</nav>\n\n\n\n<footer class=\"ztmy-footer\">\n\n    <div class=\"ztmy-footer-inner\">\n        <ul class=\"ztmy-sns\">\n            <li><a href=\"https://www.youtube.com/channel/UCv6P5nsS9rP4tDtFlqLU_QQ\" target=\"_blank\"><img src=\"/themes/zutomayo/_assets/img/icon_yt.png\" alt=\"Youtube\"></a></li>\n            <li><a href=\"https://twitter.com/zutomayo\" target=\"_blank\"><img src=\"/themes/zutomayo/_assets/img/icon_tw1.png\" alt=\"Twitter\"></a></li>\n            <li><a href=\"https://twitter.com/zutomayo_staff\" target=\"_blank\"><img src=\"/themes/zutomayo/_assets/img/icon_tw2.png\" alt=\"Twitter\"></a></li>\n            <li><a href=\"https://www.instagram.com/zutomayo/?hl=ja\" target=\"_blank\"><img src=\"/themes/zutomayo/_assets/img/icon_in.png\" alt=\"Instagram\"></a></li>\n        </ul>\n        <div><p class=\"ztmy-footer-copy ztmy-cmn-txt-sm ztmy-pc\"><small class=\"f-tt--b\">ALL RIGHTS RESERVED 2021&copy;ZUTOMAYO</small></p></div>\n\n        <div>\n            <div class=\"language_area\">\n                <div id=\"google_translate_element\"></div>\n                <script type=\"text/javascript\">\n                function googleTranslateElementInit() {new google.translate.TranslateElement({pageLanguage: 'ja', layout: google.translate.TranslateElement.SIMPLE,autoDisplay: false, includedLanguages: ''}, 'google_translate_element');}\n                </script><script type=\"text/javascript\" src=\"https://translate.google.com/translate_a/element.js?cb=googleTranslateElementInit\"></script>\n\n                <div id=\"translationDetector\" style=\"display:none;\">English</div>\n                <script type=\"text/javascript\">\n\n                var origValue = document.getElementById(\"translationDetector\").innerHTML;\n\n                document.getElementById(\"translationDetector\").addEventListener(\"DOMSubtreeModified\", translationCallback, false);\n\n                function translationCallback() {\n                    // This function needs to be called when Google translates this web page.\n\n                    var currentValue = document.getElementById(\"translationDetector\").innerHTML;\n\n                    if (currentValue && currentValue.indexOf(origValue) < 0) {\n                        origValue = currentValue;\n                        console.log(origValue);\n                        // alert(\"There is a disturbance in the force: \" + currentValue);\n\n                        $(\"body,html\").scrollTop(0);\n\n                    }\n                }\n                </script>\n\n            </div>\n            <p class=\"ztmy-footer-copy ztmy-cmn-txt-sm ztmy-sp\"><small class=\"f-tt--b\">ALL RIGHTS RESERVED 2021&copy;ZUTOMAYO</small></p>\n        </div>\n    </div>\n</footer>\n\n</div>\n</div>\n\n<div class=\"ztmy-pagetop\" id=\"page_top\"><a href=\"#\" class=\"smoothscroll\"><img src=\"/themes/zutomayo/_assets/img/btn_pagetop.png\" alt=\"ページトップ\"></a></div>\n<script src=\"https://cdnjs.cloudflare.com/ajax/libs/jquery/3.5.1/jquery.min.js\"></script>\n<script src=\"https://cdnjs.cloudflare.com/ajax/libs/remodal/1.1.1/remodal.min.js\" integrity=\"sha512-a/KwXZUMuN0N2aqT/nuvYp6mg1zKg8OfvovbIlh4ByLw+BJ4sDrJwQM/iSOd567gx+yS0pQixA4EnxBlHgrL6A==\" crossorigin=\"anonymous\"></script>\n\n<script src=\"/themes/zutomayo/_assets/js/libs/jquery.magnific-popup.min.js\"></script>\n\n<script src=\"https://cdnjs.cloudflare.com/ajax/libs/gsap/3.6.0/gsap.min.js\" integrity=\"sha512-1dalHDkG9EtcOmCnoCjiwQ/HEB5SDNqw8d4G2MKoNwjiwMNeBAkudsBCmSlMnXdsH8Bm0mOd3tl/6nL5y0bMaQ==\" crossorigin=\"anonymous\"></script>\n<script src=\"https://cdnjs.cloudflare.com/ajax/libs/gsap/3.7.0/CSSRulePlugin.min.js\" integrity=\"sha512-EIzKYNrmzSj8Q5czLrNi/F6bplhopAp2Li9nk/8r7MW+Ov9KPEo0xrjWMYXU8lFYy5dzh/w8Ql5ShZHucrjXdg==\" crossorigin=\"anonymous\" referrerpolicy=\"no-referrer\"></script>\n<script src=\"https://cdnjs.cloudflare.com/ajax/libs/gsap/3.7.0/TextPlugin.min.js\" integrity=\"sha512-orz/l0zz+W+3mJKlUrK3jQ4q+5RlMt3QPtwifhy3QBD2q2AEarIN55NQDHBrRN9Rc543hRdYjUmCJhG8Jbz5Zg==\" crossorigin=\"anonymous\" referrerpolicy=\"no-referrer\"></script>\n<script src=\"https://cdnjs.cloudflare.com/ajax/libs/object-fit-images/3.2.4/ofi.js\"></script>\n<script src=\"https://cdnjs.cloudflare.com/ajax/libs/html2canvas/0.4.1/html2canvas.js\"></script>\n\n<script src=\"https://cdn.jsdelivr.net/npm/glitch-canvas@1.1.9/dist/glitch-canvas-browser.min.js\"></script>\n\n<script src=\"/themes/zutomayo/js/slick/slick.min.js?21081801\"></script>\n\n<script src=\"/themes/zutomayo/_assets/js/libs/jquery.cookie.js\"></script>\n\n<script src=\"/themes/zutomayo/_assets/js/common.js?23011401\"></script>\n\n    \n\n\n\n\n\n\n<script src=\"https://zipaddr.com/js/zipaddr7.js\" charset=\"UTF-8\"></script>\n<script type=\"text/javascript\" charset=\"UTF-8\">\n    function zipaddr_own() {\n        if (D.zipaddr) {\n            D.bgc = \"#d9d9d9\";\n            D.bgm = \"#d9d9d9\"; // move\n            D.ovr = \"#00bbff\"; // deepskyblue\n            D.lnc = \"#5a5a5a\"; // link color\n            D.clr = \"#333333\"; // color\n            D.dli = \"\";\n\n        } else {\n            x_bgc = \"#d9d9d9\";\n            x_bgm = \"#d9d9d9\"; // move\n            x_ovr = \"#00bbff\"; // deepskyblue\n            x_lnc = \"#5a5a5a\"; // link color\n            x_clr = \"#333333\"; // color\n            x_dli = \"\";\n        }\n    }\n</script>\n</body>\n\n</html>"