"<?xml version=\"1.0\" encoding=\"utf-8\"?>\n<rss version=\"2.0\" xmlns:atom=\"http://www.w3.org/2005/Atom\">\n    <channel>\n        <title>ZUTOMAYO Voice</title>\n        <link>https://zutomayo.net/voice</link>\n        <description>This is unofficial RSS feed for ZUTOMAYO voice</description>\n        <lastBuildDate>Thu, 30 Nov 2023 15:00:00 GMT</lastBuildDate>\n        <docs>https://validator.w3.org/feed/docs/rss2.html</docs>\n        <generator>https://github.com/jpmonette/feed</generator>\n        <copyright>ZUTOMAYO</copyright>\n        <atom:link href=\"https://example.com\" rel=\"self\" type=\"application/rss+xml\"/>\n        <item>\n            <title><![CDATA[新人MC自己紹介]]></title>\n            <link>https://zutomayo.net/voice/shinjin_mc</link>\n            <guid>https://zutomayo.net/voice/shinjin_mc</guid>\n            <pubDate>Thu, 30 Nov 2023 15:00:00 GMT</pubDate>\n        </item>\n        <item>\n            <title><![CDATA[今電話に出られません take2]]></title>\n            <link>https://zutomayo.net/voice/denwa2</link>\n            <guid>https://zutomayo.net/voice/denwa2</guid>\n            <pubDate>Tue, 31 Oct 2023 15:00:00 GMT</pubDate>\n        </item>\n        <item>\n            <title><![CDATA[おはうーです開店中…]]></title>\n            <link>https://zutomayo.net/voice/ohau</link>\n            <guid>https://zutomayo.net/voice/ohau</guid>\n            <pubDate>Sat, 30 Sep 2023 15:00:00 GMT</pubDate>\n        </item>\n        <item>\n            <title><![CDATA[また喫茶で]]></title>\n            <link>https://zutomayo.net/voice/kissade</link>\n            <guid>https://zutomayo.net/voice/kissade</guid>\n            <pubDate>Thu, 31 Aug 2023 15:00:00 GMT</pubDate>\n        </item>\n        <item>\n            <title><![CDATA[しょがさんの新しいお返事]]></title>\n            <link>https://zutomayo.net/voice/shoga_ohenji</link>\n            <guid>https://zutomayo.net/voice/shoga_ohenji</guid>\n            <pubDate>Mon, 31 Jul 2023 15:00:00 GMT</pubDate>\n        </item>\n        <item>\n            <title><![CDATA[INTERNET…]]></title>\n            <link>https://zutomayo.net/voice/internet</link>\n            <guid>https://zutomayo.net/voice/internet</guid>\n            <pubDate>Fri, 30 Jun 2023 15:00:00 GMT</pubDate>\n        </item>\n        <item>\n            <title><![CDATA[プレミアムありがとう]]></title>\n            <link>https://zutomayo.net/voice/premium</link>\n            <guid>https://zutomayo.net/voice/premium</guid>\n            <pubDate>Fri, 07 Jan 2022 15:00:00 GMT</pubDate>\n        </item>\n    </channel>\n</rss>"